[debug] [2026-04-01T12:45:36.983Z] ----------------------------------------------------------------------
[debug] [2026-04-01T12:45:36.986Z] Command:       C:\Program Files\nodejs\node.exe C:\Users\METRIS3D\AppData\Roaming\npm\node_modules\firebase-tools\lib\bin\firebase.js deploy --only functions:submitNavInvoicecls
[debug] [2026-04-01T12:45:36.986Z] CLI Version:   15.10.0
[debug] [2026-04-01T12:45:36.986Z] Platform:      win32
[debug] [2026-04-01T12:45:36.986Z] Node Version:  v24.14.0
[debug] [2026-04-01T12:45:36.986Z] Time:          Wed Apr 01 2026 14:45:36 GMT+0200 (közép-európai nyári idő)
[debug] [2026-04-01T12:45:36.987Z] ----------------------------------------------------------------------
[debug] 
[debug] [2026-04-01T12:45:38.536Z] > command requires scopes: ["email","openid","https://www.googleapis.com/auth/cloudplatformprojects.readonly","https://www.googleapis.com/auth/firebase","https://www.googleapis.com/auth/cloud-platform"]
[debug] [2026-04-01T12:45:38.537Z] > authorizing via signed-in user (metris3d.blackberry@gmail.com)
[debug] [2026-04-01T12:45:38.537Z] [iam] checking project registless for permissions ["cloudfunctions.functions.create","cloudfunctions.functions.delete","cloudfunctions.functions.get","cloudfunctions.functions.list","cloudfunctions.functions.update","cloudfunctions.operations.get","firebase.projects.get"]
[debug] [2026-04-01T12:45:38.538Z] Checked if tokens are valid: false, expires at: 1775048095600
[debug] [2026-04-01T12:45:38.538Z] Checked if tokens are valid: false, expires at: 1775048095600
[debug] [2026-04-01T12:45:38.538Z] > refreshing access token with scopes: []
[debug] [2026-04-01T12:45:38.540Z] >>> [apiv2][query] POST https://www.googleapis.com/oauth2/v3/token [none]
[debug] [2026-04-01T12:45:38.540Z] >>> [apiv2][body] POST https://www.googleapis.com/oauth2/v3/token [omitted]
[debug] [2026-04-01T12:45:38.645Z] <<< [apiv2][status] POST https://www.googleapis.com/oauth2/v3/token 200
[debug] [2026-04-01T12:45:38.645Z] <<< [apiv2][body] POST https://www.googleapis.com/oauth2/v3/token [omitted]
[debug] [2026-04-01T12:45:38.657Z] >>> [apiv2][query] POST https://cloudresourcemanager.googleapis.com/v1/projects/registless:testIamPermissions [none]
[debug] [2026-04-01T12:45:38.657Z] >>> [apiv2][(partial)header] POST https://cloudresourcemanager.googleapis.com/v1/projects/registless:testIamPermissions  x-goog-user-project=registless
[debug] [2026-04-01T12:45:38.657Z] >>> [apiv2][body] POST https://cloudresourcemanager.googleapis.com/v1/projects/registless:testIamPermissions {"permissions":["cloudfunctions.functions.create","cloudfunctions.functions.delete","cloudfunctions.functions.get","cloudfunctions.functions.list","cloudfunctions.functions.update","cloudfunctions.operations.get","firebase.projects.get"]}
